[  1%] Built target base
[  3%] Built target asio_shared
[  5%] Built target mooncake_common
[  7%] Built target tcp_transport
[ 13%] Built target ubdiag_lib
[ 19%] Built target cachelib_memory_allocator
[ 23%] Built target rdma_transport
[ 25%] Built target rpc_communicator
[ 25%] Built target transport
[ 34%] Built target transfer_engine
[ 35%] Built target engine
[ 83%] Built target mooncake_store
[ 85%] Built target file_interface_bench
[ 86%] Built target allocator_bench
[ 89%] Built target storage_backend_bench
[ 90%] Built target allocation_strategy_bench
[ 91%] Built target master_bench
[ 92%] Built target stress_cluster_bench
[ 95%] Built target mooncake_client
[ 97%] Built target mooncake_master
[100%] Built target store
